HP=47, level=1, remedy=38, maidenkiss=66, phoenixdown=3, rescue=-1
HP=47, level=2, remedy=38, maidenkiss=66, phoenixdown=3, rescue=-1
HP=47, level=2, remedy=39, maidenkiss=66, phoenixdown=3, rescue=-1
HP=47, level=2, remedy=39, maidenkiss=67, phoenixdown=3, rescue=-1
HP=47, level=3, remedy=39, maidenkiss=67, phoenixdown=3, rescue=-1
HP=47, level=3, remedy=39, maidenkiss=67, phoenixdown=4, rescue=-1
HP=47, level=4, remedy=39, maidenkiss=67, phoenixdown=4, rescue=-1
HP=47, level=6, remedy=39, maidenkiss=67, phoenixdown=4, rescue=-1
HP=47, level=7, remedy=39, maidenkiss=67, phoenixdown=4, rescue=-1
HP=47, level=7, remedy=39, maidenkiss=67, phoenixdown=4, rescue=-1
HP=47, level=7, remedy=39, maidenkiss=67, phoenixdown=4, rescue=-1
HP=47, level=8, remedy=39, maidenkiss=67, phoenixdown=4, rescue=-1
HP=47, level=8, remedy=40, maidenkiss=67, phoenixdown=4, rescue=-1
HP=47, level=10, remedy=40, maidenkiss=67, phoenixdown=4, rescue=-1
HP=47, level=10, remedy=40, maidenkiss=67, phoenixdown=4, rescue=-1
HP=47, level=10, remedy=40, maidenkiss=67, phoenixdown=4, rescue=-1
HP=47, level=10, remedy=40, maidenkiss=68, phoenixdown=4, rescue=-1
HP=47, level=10, remedy=40, maidenkiss=68, phoenixdown=4, rescue=-1
HP=47, level=10, remedy=40, maidenkiss=69, phoenixdown=4, rescue=-1
HP=47, level=10, remedy=40, maidenkiss=69, phoenixdown=4, rescue=1
