HP=1, level=2, remedy=3, maidenkiss=96, phoenixdown=3, rescue=-1
HP=1, level=3, remedy=3, maidenkiss=96, phoenixdown=3, rescue=-1
HP=1, level=4, remedy=3, maidenkiss=96, phoenixdown=3, rescue=-1
HP=1, level=5, remedy=3, maidenkiss=96, phoenixdown=3, rescue=-1
HP=1, level=6, remedy=3, maidenkiss=96, phoenixdown=3, rescue=-1
HP=1, level=7, remedy=3, maidenkiss=96, phoenixdown=3, rescue=-1
HP=1, level=8, remedy=3, maidenkiss=96, phoenixdown=3, rescue=-1
HP=1, level=9, remedy=3, maidenkiss=96, phoenixdown=3, rescue=-1
HP=1, level=10, remedy=3, maidenkiss=96, phoenixdown=3, rescue=-1
HP=1, level=10, remedy=3, maidenkiss=96, phoenixdown=3, rescue=-1
HP=1, level=10, remedy=3, maidenkiss=96, phoenixdown=3, rescue=-1
HP=1, level=10, remedy=3, maidenkiss=96, phoenixdown=3, rescue=-1
HP=1, level=10, remedy=3, maidenkiss=96, phoenixdown=3, rescue=-1
HP=1, level=10, remedy=3, maidenkiss=96, phoenixdown=3, rescue=-1
HP=1, level=10, remedy=3, maidenkiss=96, phoenixdown=3, rescue=-1
HP=1, level=10, remedy=3, maidenkiss=96, phoenixdown=3, rescue=1
