HP=114, level=10, remedy=67, maidenkiss=66, phoenixdown=1, rescue=-1
HP=114, level=10, remedy=67, maidenkiss=66, phoenixdown=1, rescue=-1
HP=114, level=10, remedy=67, maidenkiss=66, phoenixdown=1, rescue=-1
HP=89, level=10, remedy=67, maidenkiss=66, phoenixdown=1, rescue=-1
HP=89, level=10, remedy=67, maidenkiss=66, phoenixdown=1, rescue=-1
HP=89, level=10, remedy=67, maidenkiss=66, phoenixdown=1, rescue=-1
HP=89, level=10, remedy=67, maidenkiss=66, phoenixdown=1, rescue=-1
HP=89, level=10, remedy=67, maidenkiss=66, phoenixdown=1, rescue=-1
HP=89, level=10, remedy=67, maidenkiss=66, phoenixdown=1, rescue=-1
HP=89, level=10, remedy=67, maidenkiss=66, phoenixdown=1, rescue=-1
